MAP
  #For Windows platform please uncomment the following and set correct value
  #CONFIG "PROJ_LIB" "C:\inetpub\wwwroot\proj"
  EXTENT -180 -90 180 90
  IMAGETYPE "png"
  NAME "ZOO-Project_WXS_Server"
  SIZE 1593 2136
  STATUS ON
  TRANSPARENT TRUE
  UNITS METERS
  IMAGECOLOR 255 255 255

  OUTPUTFORMAT
    NAME "png"
    MIMETYPE "image/png"
    DRIVER "AGG/PNG"
    EXTENSION "png"
    IMAGEMODE RGBA
    TRANSPARENT TRUE
  END # OUTPUTFORMAT


  PROJECTION
    "init=epsg:4326"
  END # PROJECTION
  LEGEND
    KEYSIZE 20 10
    KEYSPACING 5 5
    LABEL
      SIZE MEDIUM
      OFFSET 0 0
      SHADOWSIZE 1 1
      TYPE BITMAP
    END # LABEL
    STATUS OFF
  END # LEGEND

  QUERYMAP
    SIZE -1 -1
    STATUS OFF
    STYLE HILITE
  END # QUERYMAP

  SCALEBAR
    INTERVALS 4
    LABEL
      SIZE MEDIUM
      OFFSET 0 0
      SHADOWSIZE 1 1
      TYPE BITMAP
    END # LABEL
    SIZE 200 3
    STATUS OFF
    UNITS MILES
  END # SCALEBAR

  WEB
    METADATA
      "ows_enable_request"	"*"
    END # METADATA
  END # WEB

  LAYER
    ENCODING "utf-8"
    METADATA
      "mm_group"	"Group"
      "ows_name"	"dummy"
      "ows_srs"	"EPSG:4326 EPSG:900913 EPSG:3857"
      "gml_include_items"	"all"
      "gml_types"	"auto"
    END # METADATA
    NAME "dummy"
    PROJECTION
      "init=epsg:4326"
    END # PROJECTION
    STATUS ON
    TYPE POLYGON
    UNITS METERS
    CLASS
      NAME "Class_0"
      STYLE
        COLOR 255 255 255
        OUTLINECOLOR 255 255 255
      END # STYLE
    END # CLASS
    FEATURE
      POINTS
      -179 -89
      -179 89 
      179 89
      179 -89
      -179 -89
      END # POINTS
    END # FEATURE
  END # LAYER


END # MAP
