MAP
  #CONFIG "PROJ_LIB" "C:\inetpub\wwwroot\proj"
  #CONFIG "MS_ERRORFILE" "C:\inetpub\wwwroot\tmp\ms_log.txt"
  #CONFIG "GDAL_DATA" "C:\inetpub\wwwroot\gdal_data"
  DEBUG 5
  #FONTSET "C:/inetpub/wwwroot/data/fonts/list.txt"
  FONTSET "../fonts/list.txt"
  IMAGETYPE "png"
  NAME "ZOO-Project_WXS_Server"
  SIZE 2048 2048
  STATUS ON
  #SYMBOLSET "C:/inetpub/wwwroot/data/symbols.sym"
  SYMBOLSET "../symbols.sym"
  TRANSPARENT TRUE
  UNITS METERS

  OUTPUTFORMAT
    NAME "png"
    MIMETYPE "image/png"
    DRIVER "AGG/PNG"
    EXTENSION "png"
    IMAGEMODE RGBA
    TRANSPARENT TRUE
  END # OUTPUTFORMAT

  OUTPUTFORMAT
    NAME "tiff"
    MIMETYPE "image/tiff"
    DRIVER "GDAL/GTiff"
    EXTENSION "tif"
    IMAGEMODE BYTE
    TRANSPARENT FALSE
  END # OUTPUTFORMAT

  OUTPUTFORMAT
    NAME "grd"
    DRIVER "GDAL/AAIGRID"
    EXTENSION "asc"
    IMAGEMODE INT16
    TRANSPARENT FALSE
  END # OUTPUTFORMAT

  PROJECTION
    "init=epsg:4326"
  END # PROJECTION
  LEGEND
    KEYSIZE 20 10
    KEYSPACING 5 5
    LABEL
      SIZE MEDIUM
      OFFSET 0 0
      SHADOWSIZE 1 1
      TYPE BITMAP
    END # LABEL
    STATUS OFF
  END # LEGEND

  QUERYMAP
    SIZE -1 -1
    STATUS OFF
    STYLE HILITE
  END # QUERYMAP

  SCALEBAR
    IMAGECOLOR 255 255 255
    INTERVALS 4
    LABEL
      SIZE MEDIUM
      OFFSET 0 0
      SHADOWSIZE 1 1
      TYPE BITMAP
    END # LABEL
    SIZE 200 3
    STATUS OFF
    UNITS MILES
  END # SCALEBAR

  WEB
    IMAGEPATH "C:/inetpub/wwwroot/tmp"
    IMAGEURL "../../tmp/"
    METADATA
      "mm_group_1"	"Legend"
      "mm_group_2"	"Group,|Legend;"
      "ows_country"	"fr"
      "ows_contactfacsimiletelephone"	"False"
      "mmOSMBaseLayers"	"true"
      "mmBProject"	""
      "ows_contactvoicetelephone"	"False"
      "mmOT"	"ScaleBar,SearchBox,MousePosition"
      "rasterLayers"	"world,demo_poi_win32_0005"
      "ows_keywordlist"	"WPS,GIS,buffer"
      "ows_encoding"	"utf-8"
      "mmWindowList"	""
      "ows_city"	"Lattes"
      "mmProjectName"	"GeoReferencer"
      "vectorLayers"	""
      "mmPopupList"	""
      "ows_contactperson"	"Gerald FENOY"
      "ows_abstract"	"Development version of ZooWPS. See http://www.zoo-project.org"
      "mmNav"	"scroll,control,geolocate,track,zoomin,zoomtomaxextent,getFeature,line,polygon,print"
      "ows_rootlayer_title"	"ZOO_Project_Layer"
      "ows_contactposition"	"Developer"
      "mmProprietaryBaseLayers"	"-1"
      "ows_role"	"Dev"
      "ows_enable_request"	"*"
      "ows_stateorprovince"	"False"
      "wms_feature_info_mime_type"	"text/html"
      "mmMBaseLayers"	"Map"
      "base_osm"	"true"
      "mmPBaseLayers"	""
      "mmRenderer"	"SVG"
      "ows_contactorganization"	"IGO"
      "ows_service_onlineresource"	"http://www.zoo-project.org"
      "mmActivatedLayers"	"world,demo_poi_win32_0005"
      "ows_srs"	"EPSG:4326 EPSG:900913"
      "ows_accessconstraints"	"none"
      "ows_rootlayer_name"	"ZOO_Project_Layer"
      "ows_title"	"Demo Map"
      "tuom"	"english"
      "tprj"	"EPSG:4326"
      "ows_fees"	"None"
      "ows_contactelectronicmailaddress"	"gerald@geolabs.fr"
      "layout_t"	"fullscreen"
      "mmLayoutColor"	"green"
      "ows_address"	"1280, avenue des Platanes"
      "mmTitle"	"Demo Map"
      "mmActivatedBaseLayers"	"1"
      "mm_group_0"	"Layers"
      "ows_postcode"	"34970"
    END # METADATA
  END # WEB

  LAYER
    
    METADATA
      "DESCRIPTION"	"Grid"
      "mmmaxArcs"	"15"
      "mm_group"	"Group"
      "mmminInterval"	"0"
      "mmminSubdivide"	"0"
      "mmmaxInterval"	"15"
      "mmClass"	"us"
      "mmmaxSubdivide"	"2"
      "mmPattern_0"	"3.0 2.0"
      "mmLabelFormat"	"%g°"
      "mmminArcs"	"0"
    END # METADATA
    NAME "grid_level15"
    PROJECTION
      "init=epsg:4326"
    END # PROJECTION
    STATUS ON
    TILEITEM "location"
    TYPE LINE
    UNITS METERS
    CLASS
      NAME "Graticule"
      LABEL
        ANTIALIAS TRUE
        FONT "Arial"
        SIZE 8
        BUFFER 5
        COLOR 255 255 0
        OFFSET 0 0
        OUTLINECOLOR 0 0 0
        PARTIALS FALSE
        POSITION AUTO
        SHADOWSIZE 1 1
        TYPE TRUETYPE
      END # LABEL
      STYLE
        ANGLE 0
        COLOR 0 0 0
        LINECAP BUTT
        OFFSET 0 0
        PATTERN
 3.00 2.00
        END # PATTERN
      END # STYLE
    END # CLASS
    GRID
      LABELFORMAT "%g°"
      MAXARCS 15
      MAXSUBDIVIDE 2
      MAXINTERVAL 15
    END # GRID
  END # LAYER

  LAYER
    
    METADATA
      "DESCRIPTION"	"Grid"
      "mmmaxArcs"	"10"
      "mm_group"	"Group"
      "mmminInterval"	"0"
      "mmMinScale"	"13867008"
      "mmminSubdivide"	"0"
      "mmmaxInterval"	"10"
      "mmClass"	"us"
      "mmmaxSubdivide"	"2"
      "mmPattern_0"	"3.0 2.0"
      "mmminArcs"	"0"
      "mmLabelFormat"	"%g°"
    END # METADATA
    MINSCALEDENOM 1.3867e+007
    NAME "grid_level10"
    PROJECTION
      "init=epsg:4326"
    END # PROJECTION
    STATUS ON
    TILEITEM "location"
    TYPE LINE
    UNITS METERS
    CLASS
      NAME "Graticule"
      LABEL
        ANTIALIAS TRUE
        FONT "Arial"
        SIZE 8
        BUFFER 5
        COLOR 255 255 0
        OFFSET 0 0
        OUTLINECOLOR 0 0 0
        PARTIALS FALSE
        POSITION AUTO
        SHADOWSIZE 1 1
        TYPE TRUETYPE
      END # LABEL
      STYLE
        ANGLE 0
        COLOR 0 0 0
        LINECAP BUTT
        OFFSET 0 0
        PATTERN
 3.00 2.00
        END # PATTERN
      END # STYLE
    END # CLASS
    GRID
      LABELFORMAT "%g°"
      MAXARCS 10
      MAXSUBDIVIDE 2
      MAXINTERVAL 10
    END # GRID
  END # LAYER

  LAYER
    
    METADATA
      "DESCRIPTION"	"Grid"
      "mmmaxArcs"	"5"
      "mm_group"	"Group"
      "mmminInterval"	"0"
      "mmminSubdivide"	"0"
      "mmmaxInterval"	"5"
      "mmClass"	"us"
      "mmmaxSubdivide"	"2"
      "mmPattern_0"	"3.0 2.0"
      "mmLabelFormat"	"%g°"
      "mmminArcs"	"0"
    END # METADATA
    NAME "grid_level5"
    PROJECTION
      "init=epsg:4326"
    END # PROJECTION
    STATUS ON
    TILEITEM "location"
    TYPE LINE
    UNITS METERS
    CLASS
      NAME "Graticule"
      LABEL
        ANTIALIAS TRUE
        FONT "Arial"
        SIZE 8
        BUFFER 5
        COLOR 255 255 0
        OFFSET 0 0
        OUTLINECOLOR 0 0 0
        PARTIALS FALSE
        POSITION AUTO
        SHADOWSIZE 1 1
        TYPE TRUETYPE
      END # LABEL
      STYLE
        ANGLE 0
        COLOR 0 0 0
        LINECAP BUTT
        OFFSET 0 0
        PATTERN
 3.00 2.00
        END # PATTERN
      END # STYLE
    END # CLASS
    GRID
      LABELFORMAT "%g°"
      MAXARCS 5
      MAXSUBDIVIDE 2
      MAXINTERVAL 5
    END # GRID
  END # LAYER

  LAYER
    
    MAXSCALEDENOM 1.3867e+007
    METADATA
      "DESCRIPTION"	"Grid"
      "mmMaxScale"	"13867008"
      "mmmaxArcs"	"1"
      "mm_group"	"Group"
      "mmminInterval"	"0"
      "mmMinScale"	"866688"
      "mmminSubdivide"	"0"
      "mmmaxInterval"	"1"
      "mmClass"	"us"
      "mmmaxSubdivide"	"2"
      "mmPattern_0"	"3.0 2.0"
      "mmminArcs"	"0"
      "mmLabelFormat"	"%g°"
    END # METADATA
    MINSCALEDENOM 866688
    NAME "grid_level1"
    PROJECTION
      "init=epsg:4326"
    END # PROJECTION
    STATUS ON
    TILEITEM "location"
    TYPE LINE
    UNITS METERS
    CLASS
      NAME "Graticule"
      LABEL
        ANTIALIAS TRUE
        FONT "Arial"
        SIZE 8
        BUFFER 5
        COLOR 255 255 0
        OFFSET 0 0
        OUTLINECOLOR 0 0 0
        PARTIALS FALSE
        POSITION AUTO
        SHADOWSIZE 1 1
        TYPE TRUETYPE
      END # LABEL
      STYLE
        ANGLE 0
        COLOR 0 0 0
        LINECAP BUTT
        OFFSET 0 0
        PATTERN
 3.00 2.00
        END # PATTERN
      END # STYLE
    END # CLASS
    GRID
      LABELFORMAT "%g°"
      MAXARCS 1
      MAXSUBDIVIDE 2
      MAXINTERVAL 1
    END # GRID
  END # LAYER

  LAYER
    
    MAXSCALEDENOM 866688
    METADATA
      "mmMaxScale"	"866688"
      "DESCRIPTION"	"Grid"
      "mmmaxArcs"	"0.1"
      "mm_group"	"Group"
      "mmminInterval"	"0"
      "mmMinScale"	"108336"
      "mmminSubdivide"	"0"
      "mmmaxInterval"	"0.1"
      "mmClass"	"us"
      "mmmaxSubdivide"	"2"
      "mmPattern_0"	"3.0 2.0"
      "mmLabelFormat"	"%g°"
      "mmminArcs"	"0"
    END # METADATA
    MINSCALEDENOM 108336
    NAME "grid_level01"
    PROJECTION
      "init=epsg:4326"
    END # PROJECTION
    STATUS ON
    TILEITEM "location"
    TYPE LINE
    UNITS METERS
    CLASS
      NAME "Graticule"
      LABEL
        ANTIALIAS TRUE
        FONT "Arial"
        SIZE 8
        BUFFER 5
        COLOR 255 255 0
        OFFSET 0 0
        OUTLINECOLOR 0 0 0
        PARTIALS FALSE
        POSITION AUTO
        SHADOWSIZE 1 1
        TYPE TRUETYPE
      END # LABEL
      STYLE
        ANGLE 0
        COLOR 0 0 0
        LINECAP BUTT
        OFFSET 0 0
        PATTERN
 3.00 2.00
        END # PATTERN
      END # STYLE
    END # CLASS
    GRID
      LABELFORMAT "%g°"
      MAXARCS 0.1
      MAXSUBDIVIDE 2
      MAXINTERVAL 0.1
    END # GRID
  END # LAYER

  LAYER
    
    MAXSCALEDENOM 108336
    METADATA
      "DESCRIPTION"	"Grid"
      "mmMaxScale"	"108336"
      "mmmaxArcs"	"0.01"
      "mm_group"	"Group"
      "mmminInterval"	"0"
      "mmMinScale"	"13542"
      "mmminSubdivide"	"0"
      "mmmaxInterval"	"0.01"
      "mmClass"	"us"
      "mmmaxSubdivide"	"2"
      "mmPattern_0"	"4.0 2.0"
      "mmLabelFormat"	"%g°"
      "mmminArcs"	"0"
    END # METADATA
    MINSCALEDENOM 13542
    NAME "grid_level001"
    PROJECTION
      "init=epsg:4326"
    END # PROJECTION
    STATUS ON
    TILEITEM "location"
    TYPE LINE
    UNITS METERS
    CLASS
      NAME "Graticule"
      LABEL
        ANTIALIAS TRUE
        FONT "Arial"
        SIZE 10
        BUFFER 5
        COLOR 255 255 0
        OFFSET 0 0
        OUTLINECOLOR 0 0 0
        PARTIALS FALSE
        POSITION AUTO
        SHADOWSIZE 1 1
        TYPE TRUETYPE
      END # LABEL
      STYLE
        ANGLE 0
        COLOR 0 0 0
        LINECAP BUTT
        OFFSET 0 0
        PATTERN
 4.00 2.00
        END # PATTERN
      END # STYLE
    END # CLASS
    GRID
      LABELFORMAT "%g°"
      MAXARCS 0.01
      MAXSUBDIVIDE 2
      MAXINTERVAL 0.01
    END # GRID
  END # LAYER

  LAYER
    
    MAXSCALEDENOM 13542
    METADATA
      "mmMaxScale"	"13542"
      "DESCRIPTION"	"Grid"
      "mmmaxArcs"	"0.001"
      "mm_group"	"Group"
      "mmminInterval"	"0"
      "mmminSubdivide"	"0"
      "mmmaxInterval"	"0.001"
      "mmClass"	"us"
      "mmmaxSubdivide"	"2"
      "mmPattern_0"	"3.0 2.0"
      "mmminArcs"	"0"
      "mmLabelFormat"	"DDMM"
    END # METADATA
    NAME "grid_level0001"
    PROJECTION
      "init=epsg:4326"
    END # PROJECTION
    STATUS ON
    TILEITEM "location"
    TYPE LINE
    UNITS METERS
    CLASS
      NAME "Graticule"
      LABEL
        FONT "arial"
        SIZE 8
        BUFFER 5
        COLOR 255 0 0
        OFFSET 0 0
        OUTLINECOLOR 255 255 255
        PARTIALS FALSE
        POSITION AUTO
        SHADOWSIZE 1 1
        TYPE TRUETYPE
      END # LABEL
      STYLE
        ANGLE 0
        COLOR 0 0 0
        LINECAP BUTT
        OFFSET 0 0
        PATTERN
 3.00 2.00
        END # PATTERN
      END # STYLE
    END # CLASS
    GRID
      LABELFORMAT "DDMM"
      MAXARCS 0.001
      MAXSUBDIVIDE 2
      MAXINTERVAL 0.001
    END # GRID
  END # LAYER

END # MAP
